###############################################################################
#                                                                             #
# IAR C/C++ Compiler V8.10.3.10338/W32 for 8051         01/Dec/2017  14:59:07 #
# Copyright 2004-2011 IAR Systems AB.                                         #
#                                                                             #
#    Core               =  plain                                              #
#    Code model         =  banked                                             #
#    Data model         =  large                                              #
#    Calling convention =  xdata reentrant                                    #
#    Constant location  =  data_rom                                           #
#    Dptr setup         =  1,16                                               #
#    Source file        =  C:\Users\John\Desktop\Try_zigbee\ZStack-CC2530-2.3 #
#                          .0-1.4.0\Projects\zstack\Samples\SampleApp\Source\ #
#                          EndDevice2SampleApp.c                              #
#    Command line       =  -f C:\Users\John\Desktop\Try_zigbee\ZStack-CC2530- #
#                          2.3.0-1.4.0\Projects\zstack\Samples\SampleApp\CC25 #
#                          30DB\..\..\..\Tools\CC2530DB\f8wEndev.cfg          #
#                          (-DCPU32MHZ -DROOT=__near_func -DBLINK_LEDS) -f    #
#                          C:\Users\John\Desktop\Try_zigbee\ZStack-CC2530-2.3 #
#                          .0-1.4.0\Projects\zstack\Samples\SampleApp\CC2530D #
#                          B\..\..\..\Tools\CC2530DB\f8wConfig.cfg            #
#                          (-DSECURE=0 -DZG_SECURE_DYNAMIC=0 -DREFLECTOR      #
#                          -DDEFAULT_CHANLIST=0x00000800                      #
#                          -DZDAPP_CONFIG_PAN_ID=0xFFF1                       #
#                          -DNWK_START_DELAY=100 -DEXTENDED_JOINING_RANDOM_MA #
#                          SK=0x007F -DBEACON_REQUEST_DELAY=100               #
#                          -DBEACON_REQ_DELAY_MASK=0x00FF                     #
#                          -DROUTE_EXPIRY_TIME=30 -DAPSC_ACK_WAIT_DURATION_PO #
#                          LLED=3000 -DNWK_INDIRECT_MSG_TIMEOUT=7             #
#                          -DMAX_RREQ_ENTRIES=8 -DAPSC_MAX_FRAME_RETRIES=3    #
#                          -DNWK_MAX_DATA_RETRIES=2                           #
#                          -DMAX_POLL_FAILURE_RETRIES=2 -DMAX_BCAST=9         #
#                          -DAPS_MAX_GROUPS=16 -DMAX_RTG_ENTRIES=40           #
#                          -DNWK_MAX_BINDING_ENTRIES=4                        #
#                          -DMAX_BINDING_CLUSTER_IDS=4 "-DDEFAULT_KEY={0x01,  #
#                          0x03, 0x05, 0x07, 0x09, 0x0B, 0x0D, 0x0F, 0x00,    #
#                          0x02, 0x04, 0x06, 0x08, 0x0A, 0x0C, 0x0D}"         #
#                          -DMAC_MAX_FRAME_SIZE=116 "-DCONST=const __code"    #
#                          -DGENERIC=__generic -DRFD_RCVC_ALWAYS_ON=FALSE     #
#                          -DPOLL_RATE=1000 -DQUEUED_POLL_RATE=100            #
#                          -DRESPONSE_POLL_RATE=100) -DREJOIN_POLL_RATE=440   #
#                          C:\Users\John\Desktop\Try_zigbee\ZStack-CC2530-2.3 #
#                          .0-1.4.0\Projects\zstack\Samples\SampleApp\Source\ #
#                          EndDevice2SampleApp.c -D ZIGBEEPRO -D              #
#                          NWK_AUTO_POLL -D ZTOOL_P1 -D xMT_TASK -D           #
#                          xMT_SYS_FUNC -D xMT_ZDO_FUNC -D                    #
#                          LCD_SUPPORTED=DEBUG -lC C:\Users\John\Desktop\Try_ #
#                          zigbee\ZStack-CC2530-2.3.0-1.4.0\Projects\zstack\S #
#                          amples\SampleApp\CC2530DB\EndDeviceEB-Pro\List\    #
#                          -lA C:\Users\John\Desktop\Try_zigbee\ZStack-CC2530 #
#                          -2.3.0-1.4.0\Projects\zstack\Samples\SampleApp\CC2 #
#                          530DB\EndDeviceEB-Pro\List\ --diag_suppress        #
#                          Pe001,Pa010 -o C:\Users\John\Desktop\Try_zigbee\ZS #
#                          tack-CC2530-2.3.0-1.4.0\Projects\zstack\Samples\Sa #
#                          mpleApp\CC2530DB\EndDeviceEB-Pro\Obj\ -e --debug   #
#                          --core=plain --dptr=16,1 --data_model=large        #
#                          --code_model=banked --calling_convention=xdata_ree #
#                          ntrant --place_constants=data_rom                  #
#                          --nr_virtual_regs 16 -I C:\Users\John\Desktop\Try_ #
#                          zigbee\ZStack-CC2530-2.3.0-1.4.0\Projects\zstack\S #
#                          amples\SampleApp\CC2530DB\ -I                      #
#                          C:\Users\John\Desktop\Try_zigbee\ZStack-CC2530-2.3 #
#                          .0-1.4.0\Projects\zstack\Samples\SampleApp\CC2530D #
#                          B\..\SOURCE\ -I C:\Users\John\Desktop\Try_zigbee\Z #
#                          Stack-CC2530-2.3.0-1.4.0\Projects\zstack\Samples\S #
#                          ampleApp\CC2530DB\..\..\..\ZMAIN\TI2530DB\ -I      #
#                          C:\Users\John\Desktop\Try_zigbee\ZStack-CC2530-2.3 #
#                          .0-1.4.0\Projects\zstack\Samples\SampleApp\CC2530D #
#                          B\..\..\..\..\..\COMPONENTS\MT\ -I                 #
#                          C:\Users\John\Desktop\Try_zigbee\ZStack-CC2530-2.3 #
#                          .0-1.4.0\Projects\zstack\Samples\SampleApp\CC2530D #
#                          B\..\..\..\..\..\COMPONENTS\HAL\INCLUDE\ -I        #
#                          C:\Users\John\Desktop\Try_zigbee\ZStack-CC2530-2.3 #
#                          .0-1.4.0\Projects\zstack\Samples\SampleApp\CC2530D #
#                          B\..\..\..\..\..\COMPONENTS\HAL\TARGET\CC2530EB\   #
#                          -I C:\Users\John\Desktop\Try_zigbee\ZStack-CC2530- #
#                          2.3.0-1.4.0\Projects\zstack\Samples\SampleApp\CC25 #
#                          30DB\..\..\..\..\..\COMPONENTS\OSAL\MCU\CCSOC\ -I  #
#                          C:\Users\John\Desktop\Try_zigbee\ZStack-CC2530-2.3 #
#                          .0-1.4.0\Projects\zstack\Samples\SampleApp\CC2530D #
#                          B\..\..\..\..\..\COMPONENTS\OSAL\INCLUDE\ -I       #
#                          C:\Users\John\Desktop\Try_zigbee\ZStack-CC2530-2.3 #
#                          .0-1.4.0\Projects\zstack\Samples\SampleApp\CC2530D #
#                          B\..\..\..\..\..\COMPONENTS\STACK\AF\ -I           #
#                          C:\Users\John\Desktop\Try_zigbee\ZStack-CC2530-2.3 #
#                          .0-1.4.0\Projects\zstack\Samples\SampleApp\CC2530D #
#                          B\..\..\..\..\..\COMPONENTS\STACK\NWK\ -I          #
#                          C:\Users\John\Desktop\Try_zigbee\ZStack-CC2530-2.3 #
#                          .0-1.4.0\Projects\zstack\Samples\SampleApp\CC2530D #
#                          B\..\..\..\..\..\COMPONENTS\STACK\SEC\ -I          #
#                          C:\Users\John\Desktop\Try_zigbee\ZStack-CC2530-2.3 #
#                          .0-1.4.0\Projects\zstack\Samples\SampleApp\CC2530D #
#                          B\..\..\..\..\..\COMPONENTS\STACK\SAPI\ -I         #
#                          C:\Users\John\Desktop\Try_zigbee\ZStack-CC2530-2.3 #
#                          .0-1.4.0\Projects\zstack\Samples\SampleApp\CC2530D #
#                          B\..\..\..\..\..\COMPONENTS\STACK\SYS\ -I          #
#                          C:\Users\John\Desktop\Try_zigbee\ZStack-CC2530-2.3 #
#                          .0-1.4.0\Projects\zstack\Samples\SampleApp\CC2530D #
#                          B\..\..\..\..\..\COMPONENTS\STACK\ZDO\ -I          #
#                          C:\Users\John\Desktop\Try_zigbee\ZStack-CC2530-2.3 #
#                          .0-1.4.0\Projects\zstack\Samples\SampleApp\CC2530D #
#                          B\..\..\..\..\..\COMPONENTS\ZMAC\F8W\ -I           #
#                          C:\Users\John\Desktop\Try_zigbee\ZStack-CC2530-2.3 #
#                          .0-1.4.0\Projects\zstack\Samples\SampleApp\CC2530D #
#                          B\..\..\..\..\..\COMPONENTS\ZMAC\ -I               #
#                          C:\Users\John\Desktop\Try_zigbee\ZStack-CC2530-2.3 #
#                          .0-1.4.0\Projects\zstack\Samples\SampleApp\CC2530D #
#                          B\..\..\..\..\..\COMPONENTS\SERVICES\SADDR\ -I     #
#                          C:\Users\John\Desktop\Try_zigbee\ZStack-CC2530-2.3 #
#                          .0-1.4.0\Projects\zstack\Samples\SampleApp\CC2530D #
#                          B\..\..\..\..\..\COMPONENTS\SERVICES\SDATA\ -I     #
#                          C:\Users\John\Desktop\Try_zigbee\ZStack-CC2530-2.3 #
#                          .0-1.4.0\Projects\zstack\Samples\SampleApp\CC2530D #
#                          B\..\..\..\..\..\COMPONENTS\MAC\INCLUDE\ -I        #
#                          C:\Users\John\Desktop\Try_zigbee\ZStack-CC2530-2.3 #
#                          .0-1.4.0\Projects\zstack\Samples\SampleApp\CC2530D #
#                          B\..\..\..\..\..\COMPONENTS\MAC\HIGH_LEVEL\ -I     #
#                          C:\Users\John\Desktop\Try_zigbee\ZStack-CC2530-2.3 #
#                          .0-1.4.0\Projects\zstack\Samples\SampleApp\CC2530D #
#                          B\..\..\..\..\..\COMPONENTS\MAC\LOW_LEVEL\srf04\   #
#                          -I C:\Users\John\Desktop\Try_zigbee\ZStack-CC2530- #
#                          2.3.0-1.4.0\Projects\zstack\Samples\SampleApp\CC25 #
#                          30DB\..\..\..\..\..\COMPONENTS\MAC\LOW_LEVEL\srf04 #
#                          \SINGLE_CHIP\ -Ohz --require_prototypes            #
#    List file          =  C:\Users\John\Desktop\Try_zigbee\ZStack-CC2530-2.3 #
#                          .0-1.4.0\Projects\zstack\Samples\SampleApp\CC2530D #
#                          B\EndDeviceEB-Pro\List\EndDevice2SampleApp.lst     #
#    Object file        =  C:\Users\John\Desktop\Try_zigbee\ZStack-CC2530-2.3 #
#                          .0-1.4.0\Projects\zstack\Samples\SampleApp\CC2530D #
#                          B\EndDeviceEB-Pro\Obj\EndDevice2SampleApp.r51      #
#                                                                             #
#                                                                             #
###############################################################################

C:\Users\John\Desktop\Try_zigbee\ZStack-CC2530-2.3.0-1.4.0\Projects\zstack\Samples\SampleApp\Source\EndDevice2SampleApp.c
      1          /*********************************************************************
      2           * INCLUDES
      3           */
      4          #include "OSAL.h"
      5          #include "ZGlobals.h"
      6          #include "AF.h"
      7          #include "aps_groups.h"
      8          #include "ZDApp.h"
      9          
     10          #include "SampleApp.h"

   \                                 In  segment XDATA_Z, align 1, keep-with-next
   \   afAddrType_t devDstAddr
   \                     devDstAddr:
   \   000000                DS 12
   \   00000C                REQUIRE __INIT_XDATA_Z

   \                                 In  segment XDATA_Z, align 1, keep-with-next
   \   uint8 SampleApp_TaskID
   \                     SampleApp_TaskID:
   \   000000                DS 1
   \   000001                REQUIRE __INIT_XDATA_Z

   \                                 In  segment XDATA_Z, align 1, keep-with-next
   \   uint8 SampleApp_TransID
   \                     SampleApp_TransID:
   \   000000                DS 1
   \   000001                REQUIRE __INIT_XDATA_Z

   \                                 In  segment XDATA_Z, align 1, keep-with-next
   \   uint8 SampleAppDirection
   \                     SampleAppDirection:
   \   000000                DS 1
   \   000001                REQUIRE __INIT_XDATA_Z

   \                                 In  segment XDATA_Z, align 1, keep-with-next
   \   uint8 SampleAppState
   \                     SampleAppState:
   \   000000                DS 1
   \   000001                REQUIRE __INIT_XDATA_Z
     11          #include "SampleAppHw.h"
     12          
     13          #include "OnBoard.h"
     14          
     15          /* HAL */
     16          #include "hal_car.h"
     17          #include "hal_track.h"
     18          #include "hal_led.h"
     19          
     20          /*********************************************************************
     21           * MACROS
     22           */
     23          
     24          /*********************************************************************
     25           * CONSTANTS
     26           */
     27          
     28          /*********************************************************************
     29           * TYPEDEFS
     30           */

   \                                 In  segment XDATA_ROM_C, align 1
     31          const cId_t SampleApp_ClusterList[SAMPLEAPP_MAX_CLUSTERS] =
   \                     SampleApp_ClusterList:
   \   000000   0100         DW 1
     32          {
     33            SAMPLEAPP_CLUSTERID
     34          };
     35                                  

   \                                 In  segment XDATA_ROM_C, align 1
     36          const SimpleDescriptionFormat_t SampleApp_SimpleDesc =
   \                     SampleApp_SimpleDesc:
   \   000000   0A           DB 10
   \   000001   040F         DW 3844
   \   000003   0100         DW 1
   \   000005   00           DB 0
   \   000006   01           DB 1
   \   000007   ....         DW SampleApp_ClusterList
   \   000009   01           DB 1
   \   00000A   ....         DW SampleApp_ClusterList
     37          {
     38              SAMPLEAPP_ENDPOINT,              //  int Endpoint;
     39              SAMPLEAPP_PROFID,                //  uint16 AppProfId[2];
     40              SAMPLEAPP_DEVICEID,              //  uint16 AppDeviceId[2];
     41              SAMPLEAPP_DEVICE_VERSION,        //  int   AppDevVer:4;
     42              SAMPLEAPP_FLAGS,                 //  int   AppFlags:4;
     43              SAMPLEAPP_MAX_CLUSTERS,          //  byte  AppNumInClusters;
     44              (cId_t *) SampleApp_ClusterList,  //  byte *pAppInClusterList;
     45              SAMPLEAPP_MAX_CLUSTERS,          //  byte  AppNumInClusters;
     46              (cId_t *) SampleApp_ClusterList   //  byte *pAppInClusterList;
     47          };
     48          

   \                                 In  segment XDATA_Z, align 1, keep-with-next
     49          endPointDesc_t SampleApp_epDesc;
   \                     SampleApp_epDesc:
   \   000000                DS 6
   \   000006                REQUIRE __INIT_XDATA_Z

   \                                 In  segment XDATA_Z, align 1, keep-with-next
     50          devStates_t SampleApp_NwkState;
   \                     SampleApp_NwkState:
   \   000000                DS 1
   \   000001                REQUIRE __INIT_XDATA_Z
     51          
     52          void SampleApp_SendTheMessage(void);
     53          void SampleApp_MessageMSGCB( afIncomingMSGPacket_t *pkt );
     54          

   \                                 In  segment BANKED_CODE, align 1, keep-with-next
     55          void SampleApp_Init( uint8 task_id )
   \                     SampleApp_Init:
     56          {
   \   000000   74F7         MOV     A,#-0x9
   \   000002   12....       LCALL   ?BANKED_ENTER_XDATA
   \   000005                ; Saved register size: 9
   \   000005                ; Auto size: 0
   \   000005   E9           MOV     A,R1
     57            SampleApp_TaskID = task_id;
   \   000006   90....       MOV     DPTR,#SampleApp_TaskID
   \   000009   F0           MOVX    @DPTR,A
     58            SampleApp_TransID = 0;
   \   00000A   90....       MOV     DPTR,#SampleApp_TransID
   \   00000D   E4           CLR     A
   \   00000E   F0           MOVX    @DPTR,A
     59            
     60            //通信部分配置
     61            SampleApp_NwkState=DEV_INIT;
   \   00000F   90....       MOV     DPTR,#SampleApp_NwkState
   \   000012   04           INC     A
   \   000013   F0           MOVX    @DPTR,A
     62            
     63            //定义本设备用来通信的APS层端点描述符
     64            SampleApp_epDesc.endPoint = SAMPLEAPP_ENDPOINT;//应用程序的端口号
   \   000014   90....       MOV     DPTR,#SampleApp_epDesc
   \   000017   740A         MOV     A,#0xa
   \   000019   F0           MOVX    @DPTR,A
     65            SampleApp_epDesc.task_id = &SampleApp_TaskID;  //描述符的任务ID
   \   00001A   A3           INC     DPTR
   \   00001B   74..         MOV     A,#SampleApp_TaskID & 0xff
   \   00001D   F0           MOVX    @DPTR,A
   \   00001E   A3           INC     DPTR
   \   00001F   74..         MOV     A,#(SampleApp_TaskID >> 8) & 0xff
   \   000021   F0           MOVX    @DPTR,A
     66            SampleApp_epDesc.simpleDesc                     //简单描述符
     67                = (SimpleDescriptionFormat_t *)&SampleApp_SimpleDesc;
   \   000022   A3           INC     DPTR
   \   000023   74..         MOV     A,#SampleApp_SimpleDesc & 0xff
   \   000025   F0           MOVX    @DPTR,A
   \   000026   A3           INC     DPTR
   \   000027   74..         MOV     A,#(SampleApp_SimpleDesc >> 8) & 0xff
   \   000029   F0           MOVX    @DPTR,A
     68            SampleApp_epDesc.latencyReq = noLatencyReqs;    //延时策略
   \   00002A   A3           INC     DPTR
   \   00002B   E4           CLR     A
   \   00002C   F0           MOVX    @DPTR,A
     69            afRegister( &SampleApp_epDesc );                //向AF层登记描述符
   \   00002D                ; Setup parameters for call to function afRegister
   \   00002D   7A..         MOV     R2,#SampleApp_epDesc & 0xff
   \   00002F   7B..         MOV     R3,#(SampleApp_epDesc >> 8) & 0xff
   \   000031   12....       LCALL   ??afRegister?relay
     70            
     71            //点播配置
     72            devDstAddr.addrMode=(afAddrMode_t)Addr16Bit;
   \   000034   90....       MOV     DPTR,#devDstAddr + 8
   \   000037   7402         MOV     A,#0x2
   \   000039   F0           MOVX    @DPTR,A
     73            devDstAddr.endPoint= SAMPLEAPP_ENDPOINT;
   \   00003A   A3           INC     DPTR
   \   00003B   740A         MOV     A,#0xa
   \   00003D   F0           MOVX    @DPTR,A
     74            devDstAddr.addr.shortAddr=0x0000;   //发送到协调器
   \   00003E   90....       MOV     DPTR,#devDstAddr
   \   000041   E4           CLR     A
   \   000042   F0           MOVX    @DPTR,A
   \   000043   A3           INC     DPTR
   \   000044   F0           MOVX    @DPTR,A
     75            
     76            //执行部分配置
     77            hal_car_configure();
   \   000045                ; Setup parameters for call to function hal_car_configure
   \   000045   12....       LCALL   ??hal_car_configure?relay
     78            hal_track_configure();
   \   000048                ; Setup parameters for call to function hal_track_configure
   \   000048   12....       LCALL   ??hal_track_configure?relay
     79            
     80          //  osal_set_event( SampleApp_TaskID, SAMPLEAPP_ARRIVE_EVT );
     81          //  osal_set_event( SampleApp_TaskID, SAMPLEAPP_CAR_EVT );
     82          //  osal_set_event( SampleApp_TaskID, SAMPLEAPP_COLOR_EVT );
     83            
     84          }
   \   00004B   7F01         MOV     R7,#0x1
   \   00004D   02....       LJMP    ?BANKED_LEAVE_XDATA
     85          

   \                                 In  segment BANKED_CODE, align 1, keep-with-next
     86          uint16 SampleApp_ProcessEvent( uint8 task_id, uint16 events )
   \                     SampleApp_ProcessEvent:
     87          {
   \   000000                ; Saved register size: 0
   \   000000                ; Auto size: 0
     88          
     89            /*
     90            afIncomingMSGPacket_t *MSGpkt;
     91            (void)task_id;  // Intentionally unreferenced parameter
     92            
     93          //自行定义的事件处理函数
     94            if ( events & SAMPLEAPP_CAR_EVT )
     95            {
     96                if( SampleAppState == 0  )
     97                {
     98                  if( SampleAppDirection == 1 )
     99                  {
    100                    hal_car_turnleft();
    101                    osal_start_timerEx( SampleApp_TaskID, SAMPLEAPP_CAR_EVT, 5 );
    102                  }
    103                  if( SampleAppDirection == 2 )
    104                  {
    105                    hal_car_turnright();
    106                    osal_start_timerEx( SampleApp_TaskID, SAMPLEAPP_CAR_EVT, 5 );
    107                  }
    108                  if( SampleAppDirection == 0 )
    109                  {
    110                    hal_car_go();
    111                    osal_start_timerEx( SampleApp_TaskID, SAMPLEAPP_CAR_EVT, 5 );
    112                  }
    113                  if( SampleAppDirection == 3 )
    114                  {
    115                    hal_car_stop();
    116                  }
    117                  SampleAppState = 1;
    118                  
    119                }
    120                else if( SampleAppState == 1 )
    121                {
    122                  hal_car_stop();
    123                  SampleAppState = 0;
    124                  osal_start_timerEx( SampleApp_TaskID, SAMPLEAPP_CAR_EVT, 15 );
    125                }
    126              return( events ^ SAMPLEAPP_CAR_EVT );
    127            }
    128            
    129          //自行定义的事件处理函数
    130            if( events & SAMPLEAPP_COLOR_EVT ) //此时检测到黑带
    131             {
    132                if( Color_1 == 1 && Color_2 == 0 )
    133                {
    134                  SampleAppDirection = 1;
    135                  osal_start_timerEx( SampleApp_TaskID, SAMPLEAPP_COLOR_EVT, 100 );
    136                }
    137                else if( Color_1 == 0 && Color_2 == 1 )   
    138                {
    139                  SampleAppDirection = 2;
    140                  osal_start_timerEx( SampleApp_TaskID, SAMPLEAPP_COLOR_EVT, 100 );
    141                }
    142                else if( Color_1 == 0 && Color_2 == 0 )
    143                {
    144                  SampleAppDirection = 0;
    145                  osal_start_timerEx( SampleApp_TaskID, SAMPLEAPP_COLOR_EVT, 50 );
    146                }    
    147                else if( Color_1 == 1 && Color_2 == 1 )
    148                {
    149                  SampleAppDirection = 3;
    150                }
    151              return( events ^ SAMPLEAPP_COLOR_EVT );
    152            }
    153            
    154              if( events & SAMPLEAPP_ARRIVE_EVT ) //此时检测到黑带
    155             {
    156                if( Color_1 == 1 && Color_2 == 1 )
    157                {
    158                  //SampleApp_SendTheMessage();
    159                }
    160                else
    161                {
    162                  osal_set_event( SampleApp_TaskID, SAMPLEAPP_ARRIVE_EVT ); 
    163                }
    164          
    165              return( events ^ SAMPLEAPP_ARRIVE_EVT );
    166            }
    167            
    168          */
    169            return 0;
   \   000000   7A00         MOV     R2,#0x0
   \   000002   7B00         MOV     R3,#0x0
   \   000004   02....       LJMP    ?BRET
    170          }
    171            
    172          

   \                                 In  segment BANKED_CODE, align 1, keep-with-next
    173          void SampleApp_SendTheMessage(void)
   \                     SampleApp_SendTheMessage:
    174          {
   \   000000   74F6         MOV     A,#-0xa
   \   000002   12....       LCALL   ?BANKED_ENTER_XDATA
   \   000005                ; Saved register size: 10
   \   000005                ; Auto size: 2
   \   000005   74FE         MOV     A,#-0x2
   \   000007   12....       LCALL   ?ALLOC_XSTACK8
    175              byte SendData[2]="1";
   \   00000A   85..82       MOV     DPL,?XSP + 0
   \   00000D   85..83       MOV     DPH,?XSP + 1
   \   000010   AC82         MOV     R4,DPL
   \   000012   AD83         MOV     R5,DPH
   \   000014   7583..       MOV     DPH,#(`?<Constant "1">` >> 8) & 0xff
   \   000017   7582..       MOV     DPL,#`?<Constant "1">` & 0xff
   \   00001A   7402         MOV     A,#0x2
   \   00001C   12....       LCALL   ?MOVE_LONG8_XDATA_XDATA
    176                     
    177              AF_DataRequest(&devDstAddr,
    178                  &SampleApp_epDesc,
    179                  SAMPLEAPP_CLUSTERID,
    180                  1,
    181                  SendData,
    182                  &SampleApp_TransID,
    183                  AF_DISCV_ROUTE,
    184                  AF_DEFAULT_RADIUS);
   \   00001F                ; Setup parameters for call to function AF_DataRequest
   \   00001F   75..1E       MOV     ?V0 + 0,#0x1e
   \   000022   78..         MOV     R0,#?V0 + 0
   \   000024   12....       LCALL   ?PUSH_XSTACK_I_ONE
   \   000027   75....       MOV     ?V0 + 0,#SampleApp_TransID & 0xff
   \   00002A   75....       MOV     ?V0 + 1,#(SampleApp_TransID >> 8) & 0xff
   \   00002D   78..         MOV     R0,#?V0 + 0
   \   00002F   12....       LCALL   ?PUSH_XSTACK_I_TWO
   \   000032   7403         MOV     A,#0x3
   \   000034   12....       LCALL   ?XSTACK_DISP0_8
   \   000037   8582..       MOV     ?V0 + 0,DPL
   \   00003A   8583..       MOV     ?V0 + 1,DPH
   \   00003D   78..         MOV     R0,#?V0 + 0
   \   00003F   12....       LCALL   ?PUSH_XSTACK_I_TWO
   \   000042   75..01       MOV     ?V0 + 0,#0x1
   \   000045   75..00       MOV     ?V0 + 1,#0x0
   \   000048   78..         MOV     R0,#?V0 + 0
   \   00004A   12....       LCALL   ?PUSH_XSTACK_I_TWO
   \   00004D   78..         MOV     R0,#?V0 + 0
   \   00004F   12....       LCALL   ?PUSH_XSTACK_I_TWO
   \   000052   7920         MOV     R1,#0x20
   \   000054   7C..         MOV     R4,#SampleApp_epDesc & 0xff
   \   000056   7D..         MOV     R5,#(SampleApp_epDesc >> 8) & 0xff
   \   000058   7A..         MOV     R2,#devDstAddr & 0xff
   \   00005A   7B..         MOV     R3,#(devDstAddr >> 8) & 0xff
   \   00005C   12....       LCALL   ??AF_DataRequest?relay
   \   00005F   7409         MOV     A,#0x9
   \   000061   12....       LCALL   ?DEALLOC_XSTACK8
    185          }
   \   000064   7402         MOV     A,#0x2
   \   000066   12....       LCALL   ?DEALLOC_XSTACK8
   \   000069   7F02         MOV     R7,#0x2
   \   00006B   02....       LJMP    ?BANKED_LEAVE_XDATA
    186          

   \                                 In  segment BANKED_CODE, align 1, keep-with-next
    187          void SampleApp_MessageMSGCB(afIncomingMSGPacket_t *pkt)
   \                     SampleApp_MessageMSGCB:
    188          {
   \   000000   74F5         MOV     A,#-0xb
   \   000002   12....       LCALL   ?BANKED_ENTER_XDATA
   \   000005                ; Saved register size: 11
   \   000005                ; Auto size: 3
   \   000005   74FD         MOV     A,#-0x3
   \   000007   12....       LCALL   ?ALLOC_XSTACK8
   \   00000A   EA           MOV     A,R2
   \   00000B   FE           MOV     R6,A
   \   00000C   EB           MOV     A,R3
   \   00000D   FF           MOV     R7,A
    189              unsigned char buf[3]; 
    190              
    191              switch ( pkt->clusterId )
   \   00000E   8E82         MOV     DPL,R6
   \   000010   8F83         MOV     DPH,R7
   \   000012   A3           INC     DPTR
   \   000013   A3           INC     DPTR
   \   000014   A3           INC     DPTR
   \   000015   A3           INC     DPTR
   \   000016   E0           MOVX    A,@DPTR
   \   000017   6401         XRL     A,#0x1
   \   000019   7002         JNZ     ??SampleApp_MessageMSGCB_0
   \   00001B   A3           INC     DPTR
   \   00001C   E0           MOVX    A,@DPTR
   \                     ??SampleApp_MessageMSGCB_0:
   \   00001D   7063         JNZ     ??SampleApp_MessageMSGCB_1
    192              {
    193              case SAMPLEAPP_CLUSTERID:
    194                  osal_memset(buf, 0 , 3);
   \   00001F                ; Setup parameters for call to function osal_memset
   \   00001F   7C03         MOV     R4,#0x3
   \   000021   7D00         MOV     R5,#0x0
   \   000023   7900         MOV     R1,#0x0
   \   000025   85..82       MOV     DPL,?XSP + 0
   \   000028   85..83       MOV     DPH,?XSP + 1
   \   00002B   AA82         MOV     R2,DPL
   \   00002D   AB83         MOV     R3,DPH
   \   00002F   12....       LCALL   ??osal_memset?relay
    195                  osal_memcpy(buf, pkt->cmd.Data, 2);
   \   000032                ; Setup parameters for call to function osal_memcpy
   \   000032   EE           MOV     A,R6
   \   000033   2421         ADD     A,#0x21
   \   000035   F582         MOV     DPL,A
   \   000037   EF           MOV     A,R7
   \   000038   3400         ADDC    A,#0x0
   \   00003A   F583         MOV     DPH,A
   \   00003C   E0           MOVX    A,@DPTR
   \   00003D   F5..         MOV     ?V0 + 0,A
   \   00003F   A3           INC     DPTR
   \   000040   E0           MOVX    A,@DPTR
   \   000041   F5..         MOV     ?V0 + 1,A
   \   000043   75..00       MOV     ?V0 + 2,#0x0
   \   000046   78..         MOV     R0,#?V0 + 0
   \   000048   12....       LCALL   ?PUSH_XSTACK_I_THREE
   \   00004B   7C02         MOV     R4,#0x2
   \   00004D   7D00         MOV     R5,#0x0
   \   00004F   7403         MOV     A,#0x3
   \   000051   12....       LCALL   ?XSTACK_DISP0_8
   \   000054   AA82         MOV     R2,DPL
   \   000056   AB83         MOV     R3,DPH
   \   000058   12....       LCALL   ??osal_memcpy?relay
   \   00005B   7403         MOV     A,#0x3
   \   00005D   12....       LCALL   ?DEALLOC_XSTACK8
    196                  
    197                  if( buf[0] == '0' && buf[1] == '2' )       
   \   000060   85..82       MOV     DPL,?XSP + 0
   \   000063   85..83       MOV     DPH,?XSP + 1
   \   000066   E0           MOVX    A,@DPTR
   \   000067   6430         XRL     A,#0x30
   \   000069   7017         JNZ     ??SampleApp_MessageMSGCB_1
   \   00006B   7401         MOV     A,#0x1
   \   00006D   12....       LCALL   ?XSTACK_DISP0_8
   \   000070   E0           MOVX    A,@DPTR
   \   000071   6432         XRL     A,#0x32
   \   000073   700D         JNZ     ??SampleApp_MessageMSGCB_1
    198                  {
    199                      //osal_set_event( SampleApp_TaskID, SAMPLEAPP_CAR_EVT );
    200                      //osal_set_event( SampleApp_TaskID, SAMPLEAPP_COLOR_EVT );
    201                      HalLedBlink(HAL_LED_1, 0, 50, 500);             
   \   000075                ; Setup parameters for call to function HalLedBlink
   \   000075   7CF4         MOV     R4,#-0xc
   \   000077   7D01         MOV     R5,#0x1
   \   000079   7B32         MOV     R3,#0x32
   \   00007B   7A00         MOV     R2,#0x0
   \   00007D   7901         MOV     R1,#0x1
   \   00007F   12....       LCALL   ??HalLedBlink?relay
    202                  }
    203                  else
    204                  {                 
    205                  }
    206                  break;
    207              }
    208          }
   \                     ??SampleApp_MessageMSGCB_1:
   \   000082   7403         MOV     A,#0x3
   \   000084   12....       LCALL   ?DEALLOC_XSTACK8
   \   000087   7F03         MOV     R7,#0x3
   \   000089   02....       LJMP    ?BANKED_LEAVE_XDATA

   \                                 In  segment BANK_RELAYS, align 1
   \                     ??SampleApp_Init?relay:
   \   000000   12....       LCALL   ?BDISPATCH
   \   000003   ......       DC24    SampleApp_Init

   \                                 In  segment BANK_RELAYS, align 1
   \                     ??SampleApp_ProcessEvent?relay:
   \   000000   12....       LCALL   ?BDISPATCH
   \   000003   ......       DC24    SampleApp_ProcessEvent

   \                                 In  segment BANK_RELAYS, align 1
   \                     ??SampleApp_SendTheMessage?relay:
   \   000000   12....       LCALL   ?BDISPATCH
   \   000003   ......       DC24    SampleApp_SendTheMessage

   \                                 In  segment BANK_RELAYS, align 1
   \                     ??SampleApp_MessageMSGCB?relay:
   \   000000   12....       LCALL   ?BDISPATCH
   \   000003   ......       DC24    SampleApp_MessageMSGCB

   \                                 In  segment XDATA_ROM_C, align 1
   \                     `?<Constant "1">`:
   \   000000   3100         DB "1"

   Maximum stack usage in bytes:

     Function                 ISTACK PSTACK XSTACK
     --------                 ------ ------ ------
     SampleApp_Init               0      0      9
       -> afRegister              0      0     18
       -> hal_car_configure       0      0     18
       -> hal_track_configure     0      0     18
     SampleApp_MessageMSGCB       0      0     17
       -> osal_memset             0      0     28
       -> osal_memcpy             0      0     34
       -> HalLedBlink             0      0     28
     SampleApp_ProcessEvent       0      0      0
     SampleApp_SendTheMessage     2      0     21
       -> AF_DataRequest          0      0     42


   Segment part sizes:

     Function/Label                   Bytes
     --------------                   -----
     devDstAddr                         12
     SampleApp_TaskID                    1
     SampleApp_TransID                   1
     SampleAppDirection                  1
     SampleAppState                      1
     SampleApp_ClusterList               2
     SampleApp_SimpleDesc               12
     SampleApp_epDesc                    6
     SampleApp_NwkState                  1
     SampleApp_Init                     80
     SampleApp_ProcessEvent              7
     SampleApp_SendTheMessage          110
     SampleApp_MessageMSGCB            140
     ??SampleApp_Init?relay              6
     ??SampleApp_ProcessEvent?relay      6
     ??SampleApp_SendTheMessage?relay    6
     ??SampleApp_MessageMSGCB?relay      6
     ?<Constant "1">                     2

 
 337 bytes in segment BANKED_CODE
  24 bytes in segment BANK_RELAYS
  16 bytes in segment XDATA_ROM_C
  23 bytes in segment XDATA_Z
 
 361 bytes of CODE  memory
  16 bytes of CONST memory
  23 bytes of XDATA memory

Errors: none
Warnings: none
